INFO:  QUANTISH PHYSICS SIMULATION STARTING: Figure 4.14 at Sat Jan 31 12:32:49 2026
INFO:  FLOATING POINT MODE
INFO:  merge before: measure=True, forward=True
INFO:  always forward: switch weights=False, control weights=False
INFO:  combine: signs=False, names=False, add with signs=False
INFO:  normalize: before measure=False, before forwarding=False
INFO:  
INFO:  PARTICLE +p1(1.00+0.00j∆0º|1.00), INITIAL POSITION: 1/p1+@ORIGIN>g0.upper, START STEP: 1
INFO:  PARTICLE +p2(1.00+0.00j∆0º|1.00), INITIAL POSITION: 3/p2+@ORIGIN>g4.upper, START STEP: 3
INFO:  
INFO:  self.qvars={'zero': '0j', 'one': '1+0j', 'r60': '0.5+0.87j', 'q1': 'rad(20)', 'q2': 'rad(30)', 'q15': 'rad(15)', 'q40': 'rad(40)', 'q45': 'rad(45)', 'q30': 'rad(30)', 'q60': 'rad(60)', 'q85': 'rad(85)', 'q10': 'rad(10)', 'q120': 'rad(120)'}
INFO:  self.gates={'g0': g0(30.00º), 'g1': g1(20.00º), 'g2': g2(20.00º), 'g3': g3(30.00º), 'g4': g4(0.00º)}
INFO:  self.particles={'p1': +p1(1.00+0.00j∆0º|1.00), 'p2': +p2(1.00+0.00j∆0º|1.00)}
INFO:  self.normalize_input=False, self.normalize_output=False
INFO:  
INFO:  run order:
INFO:     1: g0(30.00º)
INFO:     2: g1(20.00º)
INFO:     3: g4(0.00º)
INFO:     4: g2(20.00º)
INFO:     5: g3(30.00º)
INFO:  
INFO:  downstream links:
INFO:     p1 -> g0
INFO:     p2 -> g4
INFO:     g0 -> g1
INFO:     g1 -> g2, g4
INFO:     g4 -> g2
INFO:     g2 -> g3
INFO:     g3 -> NULL
INFO:  
INFO:  begin step 1
INFO:     input values:
INFO:        1/1/p1+@ORIGIN>g0.upper|3/p2+@ORIGIN>g4.upper
INFO:  
INFO:     deferring 3/p2+@ORIGIN>g4.upper:1.00+0.00j∆0º(1.00) because pcv.particle.next_step=3 and step=1
INFO:     next point 1/1/p1+@ORIGIN>g0.upper|3/p2+@ORIGIN>g4.upper: +p1(1.00+0.00j∆0º|1.00), +p2(1.00+0.00j∆0º|1.00)
INFO:        destination gates: g0(30.00º)
INFO:        input weights:
INFO:           1/p1+@ORIGIN>g0.upper:1.00+0.00j∆0º(1.00)
INFO:     2/p1+@g0.lower:0.25+0.00j∆0º(0.06) going nowhere, next_step set to 0
INFO:     2/p1-@g0.lower:0.00-0.43j∆-90º(0.19) going nowhere, next_step set to 0
INFO:     finished processing 1/1/p1+@ORIGIN>g0.upper|3/p2+@ORIGIN>g4.upper
INFO:     unfiltered point outputs:
INFO:        2/2/p1+@g0.upper>g1.upper|3/p2+@ORIGIN>g4.upper
INFO:        2/2/p1-@g0.upper>g1.upper|3/p2+@ORIGIN>g4.upper
INFO:        2/2/p1+@g0.lower|3/p2+@ORIGIN>g4.upper
INFO:        2/2/p1-@g0.lower|3/p2+@ORIGIN>g4.upper
INFO:  
INFO:     unfiltered cycle outputs
INFO:        2/2/p1+@g0.upper>g1.upper|3/p2+@ORIGIN>g4.upper
INFO:        2/2/p1-@g0.upper>g1.upper|3/p2+@ORIGIN>g4.upper
INFO:        2/2/p1+@g0.lower|3/p2+@ORIGIN>g4.upper
INFO:        2/2/p1-@g0.lower|3/p2+@ORIGIN>g4.upper
INFO:        ignoring 2/2/p1+@g0.lower|3/p2+@ORIGIN>g4.upper
INFO:        ignoring 2/2/p1-@g0.lower|3/p2+@ORIGIN>g4.upper
INFO:     2/2/p1+@g0.upper>g1.upper|3/p2+@ORIGIN>g4.upper
INFO:     2/2/p1-@g0.upper>g1.upper|3/p2+@ORIGIN>g4.upper
INFO:     added 2 points for next step
INFO:  end step 1, queue length = 1
INFO:  
INFO:  begin step 2
INFO:     input values:
INFO:        2/2/p1+@g0.upper>g1.upper|3/p2+@ORIGIN>g4.upper
INFO:        2/2/p1-@g0.upper>g1.upper|3/p2+@ORIGIN>g4.upper
INFO:  
INFO:     deferring 3/p2+@ORIGIN>g4.upper:1.00+0.00j∆0º(1.00) because pcv.particle.next_step=3 and step=2
INFO:     next point 2/2/p1+@g0.upper>g1.upper|3/p2+@ORIGIN>g4.upper: +p1(0.75+0.00j∆0º|0.56), +p2(1.00+0.00j∆0º|1.00)
INFO:        destination gates: g1(20.00º)
INFO:        input weights:
INFO:           2/p1+@g0.upper>g1.upper:0.75+0.00j∆0º(0.56)
INFO:     finished processing 2/2/p1+@g0.upper>g1.upper|3/p2+@ORIGIN>g4.upper
INFO:     unfiltered point outputs:
INFO:        3/3/p1+@g1.upper>g2.upper|3/p2+@ORIGIN>g4.upper
INFO:        3/3/p1-@g1.upper>g2.upper|3/p2+@ORIGIN>g4.upper
INFO:        3/3/p1+@g1.lower>g4.control|3/p2+@ORIGIN>g4.upper
INFO:        3/3/p1-@g1.lower>g4.control|3/p2+@ORIGIN>g4.upper
INFO:  
INFO:     deferring 3/p2+@ORIGIN>g4.upper:1.00+0.00j∆0º(1.00) because pcv.particle.next_step=3 and step=2
INFO:     next point 2/2/p1-@g0.upper>g1.upper|3/p2+@ORIGIN>g4.upper: -p1(0.00+0.43j∆90º|0.19), +p2(1.00+0.00j∆0º|1.00)
INFO:        destination gates: g1(20.00º)
INFO:        input weights:
INFO:           2/p1-@g0.upper>g1.upper:0.00+0.43j∆90º(0.19)
INFO:     finished processing 2/2/p1-@g0.upper>g1.upper|3/p2+@ORIGIN>g4.upper
INFO:     unfiltered point outputs:
INFO:        3/3/p1-@g1.upper>g2.upper|3/p2+@ORIGIN>g4.upper
INFO:        3/3/p1+@g1.upper>g2.upper|3/p2+@ORIGIN>g4.upper
INFO:        3/3/p1-@g1.lower>g4.control|3/p2+@ORIGIN>g4.upper
INFO:        3/3/p1+@g1.lower>g4.control|3/p2+@ORIGIN>g4.upper
INFO:  
INFO:     unfiltered cycle outputs
INFO:        3/3/p1+@g1.upper>g2.upper|3/p2+@ORIGIN>g4.upper
INFO:        3/3/p1-@g1.upper>g2.upper|3/p2+@ORIGIN>g4.upper
INFO:        3/3/p1+@g1.lower>g4.control|3/p2+@ORIGIN>g4.upper
INFO:        3/3/p1-@g1.lower>g4.control|3/p2+@ORIGIN>g4.upper
INFO:        3/3/p1-@g1.upper>g2.upper|3/p2+@ORIGIN>g4.upper
INFO:        3/3/p1+@g1.upper>g2.upper|3/p2+@ORIGIN>g4.upper
INFO:        3/3/p1-@g1.lower>g4.control|3/p2+@ORIGIN>g4.upper
INFO:        3/3/p1+@g1.lower>g4.control|3/p2+@ORIGIN>g4.upper
INFO:     3/3/p1+@g1.upper>g2.upper|3/p2+@ORIGIN>g4.upper
INFO:     3/3/p1-@g1.upper>g2.upper|3/p2+@ORIGIN>g4.upper
INFO:     3/3/p1+@g1.lower>g4.control|3/p2+@ORIGIN>g4.upper
INFO:     3/3/p1-@g1.lower>g4.control|3/p2+@ORIGIN>g4.upper
INFO:     added 4 points for next step
INFO:  end step 2, queue length = 1
INFO:  
INFO:  begin step 3
INFO:     input values:
INFO:        3/3/p1+@g1.upper>g2.upper|3/p2+@ORIGIN>g4.upper
INFO:        3/3/p1-@g1.upper>g2.upper|3/p2+@ORIGIN>g4.upper
INFO:        3/3/p1+@g1.lower>g4.control|3/p2+@ORIGIN>g4.upper
INFO:        3/3/p1-@g1.lower>g4.control|3/p2+@ORIGIN>g4.upper
INFO:  
INFO:     deferring 3/p1+@g1.upper>g2.upper:0.80+0.00j∆0º(0.64) because pcv.particle.next_step=4 and step=3
INFO:     next point 3/3/p1+@g1.upper>g2.upper|3/p2+@ORIGIN>g4.upper: +p1(0.80+0.00j∆0º|0.64), +p2(1.00+0.00j∆0º|1.00)
INFO:        destination gates: g4(0.00º)
INFO:        input weights:
INFO:           3/p2+@ORIGIN>g4.upper:1.00+0.00j∆0º(1.00)
INFO:     4/p2+@g4.upper:1.00+0.00j∆0º(1.00) going nowhere, next_step set to 0
INFO:     4/p2-@g4.upper:0.00+0.00j∆0º(0.00) going nowhere, next_step set to 0
INFO:     4/p2+@g4.lower:0.00+0.00j∆0º(0.00) going nowhere, next_step set to 0
INFO:     4/p2-@g4.lower:0.00+0.00j∆0º(0.00) going nowhere, next_step set to 0
INFO:     discarding (3/p1+@g1.upper>g2.upper:0.80+0.00j∆0º(0.64), 4/p2-@g4.upper:0.00+0.00j∆0º(0.00)) because it includes a zero weight
INFO:     discarding (3/p1+@g1.upper>g2.upper:0.80+0.00j∆0º(0.64), 4/p2+@g4.lower:0.00+0.00j∆0º(0.00)) because it includes a zero weight
INFO:     discarding (3/p1+@g1.upper>g2.upper:0.80+0.00j∆0º(0.64), 4/p2-@g4.lower:0.00+0.00j∆0º(0.00)) because it includes a zero weight
INFO:     finished processing 3/3/p1+@g1.upper>g2.upper|3/p2+@ORIGIN>g4.upper
INFO:     unfiltered point outputs:
INFO:        4/3/p1+@g1.upper>g2.upper|4/p2+@g4.upper
INFO:  
INFO:     deferring 3/p1-@g1.upper>g2.upper:0.00+0.29j∆90º(0.09) because pcv.particle.next_step=4 and step=3
INFO:     next point 3/3/p1-@g1.upper>g2.upper|3/p2+@ORIGIN>g4.upper: -p1(0.00+0.29j∆90º|0.09), +p2(1.00+0.00j∆0º|1.00)
INFO:        destination gates: g4(0.00º)
INFO:        input weights:
INFO:           3/p2+@ORIGIN>g4.upper:1.00+0.00j∆0º(1.00)
INFO:     4/p2+@g4.upper:1.00+0.00j∆0º(1.00) going nowhere, next_step set to 0
INFO:     4/p2-@g4.upper:0.00+0.00j∆0º(0.00) going nowhere, next_step set to 0
INFO:     4/p2+@g4.lower:0.00+0.00j∆0º(0.00) going nowhere, next_step set to 0
INFO:     4/p2-@g4.lower:0.00+0.00j∆0º(0.00) going nowhere, next_step set to 0
INFO:     discarding (3/p1-@g1.upper>g2.upper:0.00+0.29j∆90º(0.09), 4/p2-@g4.upper:0.00+0.00j∆0º(0.00)) because it includes a zero weight
INFO:     discarding (3/p1-@g1.upper>g2.upper:0.00+0.29j∆90º(0.09), 4/p2+@g4.lower:0.00+0.00j∆0º(0.00)) because it includes a zero weight
INFO:     discarding (3/p1-@g1.upper>g2.upper:0.00+0.29j∆90º(0.09), 4/p2-@g4.lower:0.00+0.00j∆0º(0.00)) because it includes a zero weight
INFO:     finished processing 3/3/p1-@g1.upper>g2.upper|3/p2+@ORIGIN>g4.upper
INFO:     unfiltered point outputs:
INFO:        4/3/p1-@g1.upper>g2.upper|4/p2+@g4.upper
INFO:  
INFO:     next point 3/3/p1+@g1.lower>g4.control|3/p2+@ORIGIN>g4.upper: +p1(-0.05+0.00j∆180º|0.00), +p2(1.00+0.00j∆0º|1.00)
INFO:        destination gates: g4(0.00º)
INFO:        input weights:
INFO:           3/p1+@g1.lower>g4.control:-0.05+0.00j∆180º(0.00)
INFO:           3/p2+@ORIGIN>g4.upper:1.00+0.00j∆0º(1.00)
INFO:     4/p2+@g4.upper:0.00+0.00j∆0º(0.00) going nowhere, next_step set to 0
INFO:     4/p2-@g4.upper:0.00+0.00j∆0º(0.00) going nowhere, next_step set to 0
INFO:     4/p2+@g4.lower:1.00+0.00j∆0º(1.00) going nowhere, next_step set to 0
INFO:     4/p2-@g4.lower:0.00+0.00j∆0º(0.00) going nowhere, next_step set to 0
INFO:     discarding (4/p1+@g4.control>g2.lower:-0.05+0.00j∆180º(0.00), 4/p2+@g4.upper:0.00+0.00j∆0º(0.00)) because it includes a zero weight
INFO:     discarding (4/p1+@g4.control>g2.lower:-0.05+0.00j∆180º(0.00), 4/p2-@g4.upper:0.00+0.00j∆0º(0.00)) because it includes a zero weight
INFO:     discarding (4/p1+@g4.control>g2.lower:-0.05+0.00j∆180º(0.00), 4/p2-@g4.lower:0.00+0.00j∆0º(0.00)) because it includes a zero weight
INFO:     finished processing 3/3/p1+@g1.lower>g4.control|3/p2+@ORIGIN>g4.upper
INFO:     unfiltered point outputs:
INFO:        4/4/p1+@g4.control>g2.lower|4/p2+@g4.lower
INFO:  
INFO:     next point 3/3/p1-@g1.lower>g4.control|3/p2+@ORIGIN>g4.upper: -p1(0.00+0.14j∆90º|0.02), +p2(1.00+0.00j∆0º|1.00)
INFO:        destination gates: g4(0.00º)
INFO:        input weights:
INFO:           3/p1-@g1.lower>g4.control:0.00+0.14j∆90º(0.02)
INFO:           3/p2+@ORIGIN>g4.upper:1.00+0.00j∆0º(1.00)
INFO:     4/p2+@g4.upper:0.00+0.00j∆0º(0.00) going nowhere, next_step set to 0
INFO:     4/p2-@g4.upper:0.00+0.00j∆0º(0.00) going nowhere, next_step set to 0
INFO:     4/p2+@g4.lower:1.00+0.00j∆0º(1.00) going nowhere, next_step set to 0
INFO:     4/p2-@g4.lower:0.00+0.00j∆0º(0.00) going nowhere, next_step set to 0
INFO:     discarding (4/p1-@g4.control>g2.lower:0.00+0.14j∆90º(0.02), 4/p2+@g4.upper:0.00+0.00j∆0º(0.00)) because it includes a zero weight
INFO:     discarding (4/p1-@g4.control>g2.lower:0.00+0.14j∆90º(0.02), 4/p2-@g4.upper:0.00+0.00j∆0º(0.00)) because it includes a zero weight
INFO:     discarding (4/p1-@g4.control>g2.lower:0.00+0.14j∆90º(0.02), 4/p2-@g4.lower:0.00+0.00j∆0º(0.00)) because it includes a zero weight
INFO:     finished processing 3/3/p1-@g1.lower>g4.control|3/p2+@ORIGIN>g4.upper
INFO:     unfiltered point outputs:
INFO:        4/4/p1-@g4.control>g2.lower|4/p2+@g4.lower
INFO:  
INFO:     unfiltered cycle outputs
INFO:        4/3/p1+@g1.upper>g2.upper|4/p2+@g4.upper
INFO:        4/3/p1-@g1.upper>g2.upper|4/p2+@g4.upper
INFO:        4/4/p1+@g4.control>g2.lower|4/p2+@g4.lower
INFO:        4/4/p1-@g4.control>g2.lower|4/p2+@g4.lower
INFO:     4/3/p1+@g1.upper>g2.upper|4/p2+@g4.upper
INFO:     4/3/p1-@g1.upper>g2.upper|4/p2+@g4.upper
INFO:     4/4/p1+@g4.control>g2.lower|4/p2+@g4.lower
INFO:     4/4/p1-@g4.control>g2.lower|4/p2+@g4.lower
INFO:     added 4 points for next step
INFO:  end step 3, queue length = 1
INFO:  
INFO:  begin step 4
INFO:     input values:
INFO:        4/3/p1+@g1.upper>g2.upper|4/p2+@g4.upper
INFO:        4/3/p1-@g1.upper>g2.upper|4/p2+@g4.upper
INFO:        4/4/p1+@g4.control>g2.lower|4/p2+@g4.lower
INFO:        4/4/p1-@g4.control>g2.lower|4/p2+@g4.lower
INFO:  
INFO:     deferring 4/p2+@g4.upper:1.00+0.00j∆0º(1.00) because pcv.particle.next_step=0 and step=4
INFO:     next point 4/3/p1+@g1.upper>g2.upper|4/p2+@g4.upper: +p1(0.80+0.00j∆0º|0.64), +p2(1.00+0.00j∆0º|1.00)
INFO:        destination gates: g2(20.00º)
INFO:        input weights:
INFO:           3/p1+@g1.upper>g2.upper:0.80+0.00j∆0º(0.64)
INFO:     4/p2+@g4.upper:1.00+0.00j∆0º(1.00) going nowhere, next_step set to 0
INFO:     finished processing 4/3/p1+@g1.upper>g2.upper|4/p2+@g4.upper
INFO:     unfiltered point outputs:
INFO:        5/5/p1+@g2.upper>g3.upper|4/p2+@g4.upper
INFO:        5/5/p1-@g2.upper>g3.upper|4/p2+@g4.upper
INFO:        5/5/p1+@g2.lower>g3.lower|4/p2+@g4.upper
INFO:        5/5/p1-@g2.lower>g3.lower|4/p2+@g4.upper
INFO:  
INFO:     deferring 4/p2+@g4.upper:1.00+0.00j∆0º(1.00) because pcv.particle.next_step=0 and step=4
INFO:     next point 4/3/p1-@g1.upper>g2.upper|4/p2+@g4.upper: -p1(0.00+0.29j∆90º|0.09), +p2(1.00+0.00j∆0º|1.00)
INFO:        destination gates: g2(20.00º)
INFO:        input weights:
INFO:           3/p1-@g1.upper>g2.upper:0.00+0.29j∆90º(0.09)
INFO:     4/p2+@g4.upper:1.00+0.00j∆0º(1.00) going nowhere, next_step set to 0
INFO:     finished processing 4/3/p1-@g1.upper>g2.upper|4/p2+@g4.upper
INFO:     unfiltered point outputs:
INFO:        5/5/p1-@g2.upper>g3.upper|4/p2+@g4.upper
INFO:        5/5/p1+@g2.upper>g3.upper|4/p2+@g4.upper
INFO:        5/5/p1-@g2.lower>g3.lower|4/p2+@g4.upper
INFO:        5/5/p1+@g2.lower>g3.lower|4/p2+@g4.upper
INFO:  
INFO:     deferring 4/p2+@g4.lower:1.00+0.00j∆0º(1.00) because pcv.particle.next_step=0 and step=4
INFO:     next point 4/4/p1+@g4.control>g2.lower|4/p2+@g4.lower: +p1(-0.05+0.00j∆180º|0.00), +p2(1.00+0.00j∆0º|1.00)
INFO:        destination gates: g2(20.00º)
INFO:        input weights:
INFO:           4/p1+@g4.control>g2.lower:-0.05+0.00j∆180º(0.00)
INFO:     4/p2+@g4.lower:1.00+0.00j∆0º(1.00) going nowhere, next_step set to 0
INFO:     finished processing 4/4/p1+@g4.control>g2.lower|4/p2+@g4.lower
INFO:     unfiltered point outputs:
INFO:        5/5/p1+@g2.upper>g3.upper|4/p2+@g4.lower
INFO:        5/5/p1-@g2.upper>g3.upper|4/p2+@g4.lower
INFO:        5/5/p1+@g2.lower>g3.lower|4/p2+@g4.lower
INFO:        5/5/p1-@g2.lower>g3.lower|4/p2+@g4.lower
INFO:  
INFO:     deferring 4/p2+@g4.lower:1.00+0.00j∆0º(1.00) because pcv.particle.next_step=0 and step=4
INFO:     next point 4/4/p1-@g4.control>g2.lower|4/p2+@g4.lower: -p1(0.00+0.14j∆90º|0.02), +p2(1.00+0.00j∆0º|1.00)
INFO:        destination gates: g2(20.00º)
INFO:        input weights:
INFO:           4/p1-@g4.control>g2.lower:0.00+0.14j∆90º(0.02)
INFO:     4/p2+@g4.lower:1.00+0.00j∆0º(1.00) going nowhere, next_step set to 0
INFO:     finished processing 4/4/p1-@g4.control>g2.lower|4/p2+@g4.lower
INFO:     unfiltered point outputs:
INFO:        5/5/p1-@g2.upper>g3.upper|4/p2+@g4.lower
INFO:        5/5/p1+@g2.upper>g3.upper|4/p2+@g4.lower
INFO:        5/5/p1-@g2.lower>g3.lower|4/p2+@g4.lower
INFO:        5/5/p1+@g2.lower>g3.lower|4/p2+@g4.lower
INFO:  
INFO:     unfiltered cycle outputs
INFO:        5/5/p1+@g2.upper>g3.upper|4/p2+@g4.upper
INFO:        5/5/p1-@g2.upper>g3.upper|4/p2+@g4.upper
INFO:        5/5/p1+@g2.lower>g3.lower|4/p2+@g4.upper
INFO:        5/5/p1-@g2.lower>g3.lower|4/p2+@g4.upper
INFO:        5/5/p1-@g2.upper>g3.upper|4/p2+@g4.upper
INFO:        5/5/p1+@g2.upper>g3.upper|4/p2+@g4.upper
INFO:        5/5/p1-@g2.lower>g3.lower|4/p2+@g4.upper
INFO:        5/5/p1+@g2.lower>g3.lower|4/p2+@g4.upper
INFO:        5/5/p1+@g2.upper>g3.upper|4/p2+@g4.lower
INFO:        5/5/p1-@g2.upper>g3.upper|4/p2+@g4.lower
INFO:        5/5/p1+@g2.lower>g3.lower|4/p2+@g4.lower
INFO:        5/5/p1-@g2.lower>g3.lower|4/p2+@g4.lower
INFO:        5/5/p1-@g2.upper>g3.upper|4/p2+@g4.lower
INFO:        5/5/p1+@g2.upper>g3.upper|4/p2+@g4.lower
INFO:        5/5/p1-@g2.lower>g3.lower|4/p2+@g4.lower
INFO:        5/5/p1+@g2.lower>g3.lower|4/p2+@g4.lower
INFO:     5/5/p1+@g2.upper>g3.upper|4/p2+@g4.upper
INFO:     5/5/p1-@g2.upper>g3.upper|4/p2+@g4.upper
INFO:     5/5/p1+@g2.lower>g3.lower|4/p2+@g4.upper
INFO:     5/5/p1-@g2.lower>g3.lower|4/p2+@g4.upper
INFO:     5/5/p1+@g2.upper>g3.upper|4/p2+@g4.lower
INFO:     5/5/p1-@g2.upper>g3.upper|4/p2+@g4.lower
INFO:     5/5/p1+@g2.lower>g3.lower|4/p2+@g4.lower
INFO:     5/5/p1-@g2.lower>g3.lower|4/p2+@g4.lower
INFO:     added 8 points for next step
INFO:  end step 4, queue length = 1
INFO:  
INFO:  begin step 5
INFO:     input values:
INFO:        5/5/p1+@g2.upper>g3.upper|4/p2+@g4.upper
INFO:        5/5/p1-@g2.upper>g3.upper|4/p2+@g4.upper
INFO:        5/5/p1+@g2.lower>g3.lower|4/p2+@g4.upper
INFO:        5/5/p1-@g2.lower>g3.lower|4/p2+@g4.upper
INFO:        5/5/p1+@g2.upper>g3.upper|4/p2+@g4.lower
INFO:        5/5/p1-@g2.upper>g3.upper|4/p2+@g4.lower
INFO:        5/5/p1+@g2.lower>g3.lower|4/p2+@g4.lower
INFO:        5/5/p1-@g2.lower>g3.lower|4/p2+@g4.lower
INFO:  
INFO:     deferring 4/p2+@g4.upper:1.00+0.00j∆0º(1.00) because pcv.particle.next_step=0 and step=5
INFO:     next point 5/5/p1+@g2.upper>g3.upper|4/p2+@g4.upper: +p1(0.80+0.00j∆0º|0.64), +p2(1.00+0.00j∆0º|1.00)
INFO:        destination gates: g3(30.00º)
INFO:        input weights:
INFO:           5/p1+@g2.upper>g3.upper:0.80+0.00j∆0º(0.64)
INFO:     6/p1+@g3.upper:0.60+0.00j∆0º(0.36) going nowhere, next_step set to 0
INFO:     6/p1-@g3.upper:0.00+0.35j∆90º(0.12) going nowhere, next_step set to 0
INFO:     6/p1+@g3.lower:0.20+0.00j∆0º(0.04) going nowhere, next_step set to 0
INFO:     6/p1-@g3.lower:0.00-0.35j∆-90º(0.12) going nowhere, next_step set to 0
INFO:     4/p2+@g4.upper:1.00+0.00j∆0º(1.00) going nowhere, next_step set to 0
INFO:     finished processing 5/5/p1+@g2.upper>g3.upper|4/p2+@g4.upper
INFO:     unfiltered point outputs:
INFO:        6/6/p1+@g3.upper|4/p2+@g4.upper
INFO:        6/6/p1-@g3.upper|4/p2+@g4.upper
INFO:        6/6/p1+@g3.lower|4/p2+@g4.upper
INFO:        6/6/p1-@g3.lower|4/p2+@g4.upper
INFO:  
INFO:     deferring 4/p2+@g4.upper:1.00+0.00j∆0º(1.00) because pcv.particle.next_step=0 and step=5
INFO:     next point 5/5/p1-@g2.upper>g3.upper|4/p2+@g4.upper: -p1(0.00+0.29j∆90º|0.09), +p2(1.00+0.00j∆0º|1.00)
INFO:        destination gates: g3(30.00º)
INFO:        input weights:
INFO:           5/p1-@g2.upper>g3.upper:0.00+0.29j∆90º(0.09)
INFO:     6/p1-@g3.upper:0.00+0.07j∆90º(0.01) going nowhere, next_step set to 0
INFO:     6/p1+@g3.upper:0.13-0.00j∆0º(0.02) going nowhere, next_step set to 0
INFO:     6/p1-@g3.lower:0.00+0.22j∆90º(0.05) going nowhere, next_step set to 0
INFO:     6/p1+@g3.lower:-0.13+0.00j∆180º(0.02) going nowhere, next_step set to 0
INFO:     4/p2+@g4.upper:1.00+0.00j∆0º(1.00) going nowhere, next_step set to 0
INFO:     finished processing 5/5/p1-@g2.upper>g3.upper|4/p2+@g4.upper
INFO:     unfiltered point outputs:
INFO:        6/6/p1-@g3.upper|4/p2+@g4.upper
INFO:        6/6/p1+@g3.upper|4/p2+@g4.upper
INFO:        6/6/p1-@g3.lower|4/p2+@g4.upper
INFO:        6/6/p1+@g3.lower|4/p2+@g4.upper
INFO:  
INFO:     deferring 4/p2+@g4.upper:1.00+0.00j∆0º(1.00) because pcv.particle.next_step=0 and step=5
INFO:     next point 5/5/p1+@g2.lower>g3.lower|4/p2+@g4.upper: +p1(-0.00+0.00j∆180º|0.00), +p2(1.00+0.00j∆0º|1.00)
INFO:        destination gates: g3(30.00º)
INFO:        input weights:
INFO:           5/p1+@g2.lower>g3.lower:-0.00+0.00j∆180º(0.00)
INFO:     6/p1+@g3.upper:-0.00+0.00j∆180º(0.00) going nowhere, next_step set to 0
INFO:     6/p1-@g3.upper:0.00+0.00j∆90º(0.00) going nowhere, next_step set to 0
INFO:     6/p1+@g3.lower:-0.00+0.00j∆180º(0.00) going nowhere, next_step set to 0
INFO:     6/p1-@g3.lower:-0.00-0.00j∆-90º(0.00) going nowhere, next_step set to 0
INFO:     4/p2+@g4.upper:1.00+0.00j∆0º(1.00) going nowhere, next_step set to 0
INFO:     discarding (6/p1+@g3.upper:-0.00+0.00j∆180º(0.00), 4/p2+@g4.upper:1.00+0.00j∆0º(1.00)) because it includes a zero weight
INFO:     discarding (6/p1-@g3.upper:0.00+0.00j∆90º(0.00), 4/p2+@g4.upper:1.00+0.00j∆0º(1.00)) because it includes a zero weight
INFO:     discarding (6/p1+@g3.lower:-0.00+0.00j∆180º(0.00), 4/p2+@g4.upper:1.00+0.00j∆0º(1.00)) because it includes a zero weight
INFO:     discarding (6/p1-@g3.lower:-0.00-0.00j∆-90º(0.00), 4/p2+@g4.upper:1.00+0.00j∆0º(1.00)) because it includes a zero weight
INFO:     finished processing 5/5/p1+@g2.lower>g3.lower|4/p2+@g4.upper
INFO:     nothing for next cycle
INFO:  
INFO:     deferring 4/p2+@g4.upper:1.00+0.00j∆0º(1.00) because pcv.particle.next_step=0 and step=5
INFO:     next point 5/5/p1-@g2.lower>g3.lower|4/p2+@g4.upper: -p1(0.00-0.00j∆-90º|0.00), +p2(1.00+0.00j∆0º|1.00)
INFO:        destination gates: g3(30.00º)
INFO:        input weights:
INFO:           5/p1-@g2.lower>g3.lower:0.00-0.00j∆-90º(0.00)
INFO:     6/p1-@g3.upper:0.00-0.00j∆-90º(0.00) going nowhere, next_step set to 0
INFO:     6/p1+@g3.upper:0.00+0.00j∆0º(0.00) going nowhere, next_step set to 0
INFO:     6/p1-@g3.lower:0.00-0.00j∆-90º(0.00) going nowhere, next_step set to 0
INFO:     6/p1+@g3.lower:-0.00+0.00j∆180º(0.00) going nowhere, next_step set to 0
INFO:     4/p2+@g4.upper:1.00+0.00j∆0º(1.00) going nowhere, next_step set to 0
INFO:     discarding (6/p1-@g3.upper:0.00-0.00j∆-90º(0.00), 4/p2+@g4.upper:1.00+0.00j∆0º(1.00)) because it includes a zero weight
INFO:     discarding (6/p1+@g3.upper:0.00+0.00j∆0º(0.00), 4/p2+@g4.upper:1.00+0.00j∆0º(1.00)) because it includes a zero weight
INFO:     discarding (6/p1-@g3.lower:0.00-0.00j∆-90º(0.00), 4/p2+@g4.upper:1.00+0.00j∆0º(1.00)) because it includes a zero weight
INFO:     discarding (6/p1+@g3.lower:-0.00+0.00j∆180º(0.00), 4/p2+@g4.upper:1.00+0.00j∆0º(1.00)) because it includes a zero weight
INFO:     finished processing 5/5/p1-@g2.lower>g3.lower|4/p2+@g4.upper
INFO:     nothing for next cycle
INFO:  
INFO:     deferring 4/p2+@g4.lower:1.00+0.00j∆0º(1.00) because pcv.particle.next_step=0 and step=5
INFO:     next point 5/5/p1+@g2.upper>g3.upper|4/p2+@g4.lower: +p1(-0.05+0.00j∆180º|0.00), +p2(1.00+0.00j∆0º|1.00)
INFO:        destination gates: g3(30.00º)
INFO:        input weights:
INFO:           5/p1+@g2.upper>g3.upper:-0.05+0.00j∆180º(0.00)
INFO:     6/p1+@g3.upper:-0.04+0.00j∆180º(0.00) going nowhere, next_step set to 0
INFO:     6/p1-@g3.upper:-0.00-0.02j∆-90º(0.00) going nowhere, next_step set to 0
INFO:     6/p1+@g3.lower:-0.01+0.00j∆180º(0.00) going nowhere, next_step set to 0
INFO:     6/p1-@g3.lower:0.00+0.02j∆90º(0.00) going nowhere, next_step set to 0
INFO:     4/p2+@g4.lower:1.00+0.00j∆0º(1.00) going nowhere, next_step set to 0
INFO:     finished processing 5/5/p1+@g2.upper>g3.upper|4/p2+@g4.lower
INFO:     unfiltered point outputs:
INFO:        6/6/p1+@g3.upper|4/p2+@g4.lower
INFO:        6/6/p1-@g3.upper|4/p2+@g4.lower
INFO:        6/6/p1+@g3.lower|4/p2+@g4.lower
INFO:        6/6/p1-@g3.lower|4/p2+@g4.lower
INFO:  
INFO:     deferring 4/p2+@g4.lower:1.00+0.00j∆0º(1.00) because pcv.particle.next_step=0 and step=5
INFO:     next point 5/5/p1-@g2.upper>g3.upper|4/p2+@g4.lower: -p1(0.00+0.14j∆90º|0.02), +p2(1.00+0.00j∆0º|1.00)
INFO:        destination gates: g3(30.00º)
INFO:        input weights:
INFO:           5/p1-@g2.upper>g3.upper:0.00+0.14j∆90º(0.02)
INFO:     6/p1-@g3.upper:0.00+0.04j∆90º(0.00) going nowhere, next_step set to 0
INFO:     6/p1+@g3.upper:0.06-0.00j∆0º(0.00) going nowhere, next_step set to 0
INFO:     6/p1-@g3.lower:0.00+0.11j∆90º(0.01) going nowhere, next_step set to 0
INFO:     6/p1+@g3.lower:-0.06+0.00j∆180º(0.00) going nowhere, next_step set to 0
INFO:     4/p2+@g4.lower:1.00+0.00j∆0º(1.00) going nowhere, next_step set to 0
INFO:     finished processing 5/5/p1-@g2.upper>g3.upper|4/p2+@g4.lower
INFO:     unfiltered point outputs:
INFO:        6/6/p1-@g3.upper|4/p2+@g4.lower
INFO:        6/6/p1+@g3.upper|4/p2+@g4.lower
INFO:        6/6/p1-@g3.lower|4/p2+@g4.lower
INFO:        6/6/p1+@g3.lower|4/p2+@g4.lower
INFO:  
INFO:     deferring 4/p2+@g4.lower:1.00+0.00j∆0º(1.00) because pcv.particle.next_step=0 and step=5
INFO:     next point 5/5/p1+@g2.lower>g3.lower|4/p2+@g4.lower: +p1(-0.00+0.00j∆180º|0.00), +p2(1.00+0.00j∆0º|1.00)
INFO:        destination gates: g3(30.00º)
INFO:        input weights:
INFO:           5/p1+@g2.lower>g3.lower:-0.00+0.00j∆180º(0.00)
INFO:     6/p1+@g3.upper:-0.00+0.00j∆180º(0.00) going nowhere, next_step set to 0
INFO:     6/p1-@g3.upper:0.00+0.00j∆90º(0.00) going nowhere, next_step set to 0
INFO:     6/p1+@g3.lower:-0.00+0.00j∆180º(0.00) going nowhere, next_step set to 0
INFO:     6/p1-@g3.lower:-0.00-0.00j∆-90º(0.00) going nowhere, next_step set to 0
INFO:     4/p2+@g4.lower:1.00+0.00j∆0º(1.00) going nowhere, next_step set to 0
INFO:     discarding (6/p1+@g3.upper:-0.00+0.00j∆180º(0.00), 4/p2+@g4.lower:1.00+0.00j∆0º(1.00)) because it includes a zero weight
INFO:     discarding (6/p1-@g3.upper:0.00+0.00j∆90º(0.00), 4/p2+@g4.lower:1.00+0.00j∆0º(1.00)) because it includes a zero weight
INFO:     discarding (6/p1+@g3.lower:-0.00+0.00j∆180º(0.00), 4/p2+@g4.lower:1.00+0.00j∆0º(1.00)) because it includes a zero weight
INFO:     discarding (6/p1-@g3.lower:-0.00-0.00j∆-90º(0.00), 4/p2+@g4.lower:1.00+0.00j∆0º(1.00)) because it includes a zero weight
INFO:     finished processing 5/5/p1+@g2.lower>g3.lower|4/p2+@g4.lower
INFO:     nothing for next cycle
INFO:  
INFO:     deferring 4/p2+@g4.lower:1.00+0.00j∆0º(1.00) because pcv.particle.next_step=0 and step=5
INFO:     next point 5/5/p1-@g2.lower>g3.lower|4/p2+@g4.lower: -p1(0.00-0.00j∆-90º|0.00), +p2(1.00+0.00j∆0º|1.00)
INFO:        destination gates: g3(30.00º)
INFO:        input weights:
INFO:           5/p1-@g2.lower>g3.lower:0.00-0.00j∆-90º(0.00)
INFO:     6/p1-@g3.upper:0.00-0.00j∆-90º(0.00) going nowhere, next_step set to 0
INFO:     6/p1+@g3.upper:0.00+0.00j∆0º(0.00) going nowhere, next_step set to 0
INFO:     6/p1-@g3.lower:0.00-0.00j∆-90º(0.00) going nowhere, next_step set to 0
INFO:     6/p1+@g3.lower:-0.00+0.00j∆180º(0.00) going nowhere, next_step set to 0
INFO:     4/p2+@g4.lower:1.00+0.00j∆0º(1.00) going nowhere, next_step set to 0
INFO:     discarding (6/p1-@g3.upper:0.00-0.00j∆-90º(0.00), 4/p2+@g4.lower:1.00+0.00j∆0º(1.00)) because it includes a zero weight
INFO:     discarding (6/p1+@g3.upper:0.00+0.00j∆0º(0.00), 4/p2+@g4.lower:1.00+0.00j∆0º(1.00)) because it includes a zero weight
INFO:     discarding (6/p1-@g3.lower:0.00-0.00j∆-90º(0.00), 4/p2+@g4.lower:1.00+0.00j∆0º(1.00)) because it includes a zero weight
INFO:     discarding (6/p1+@g3.lower:-0.00+0.00j∆180º(0.00), 4/p2+@g4.lower:1.00+0.00j∆0º(1.00)) because it includes a zero weight
INFO:     finished processing 5/5/p1-@g2.lower>g3.lower|4/p2+@g4.lower
INFO:     nothing for next cycle
INFO:  
INFO:     unfiltered cycle outputs
INFO:        6/6/p1+@g3.upper|4/p2+@g4.upper
INFO:        6/6/p1-@g3.upper|4/p2+@g4.upper
INFO:        6/6/p1+@g3.lower|4/p2+@g4.upper
INFO:        6/6/p1-@g3.lower|4/p2+@g4.upper
INFO:        6/6/p1-@g3.upper|4/p2+@g4.upper
INFO:        6/6/p1+@g3.upper|4/p2+@g4.upper
INFO:        6/6/p1-@g3.lower|4/p2+@g4.upper
INFO:        6/6/p1+@g3.lower|4/p2+@g4.upper
INFO:        6/6/p1+@g3.upper|4/p2+@g4.lower
INFO:        6/6/p1-@g3.upper|4/p2+@g4.lower
INFO:        6/6/p1+@g3.lower|4/p2+@g4.lower
INFO:        6/6/p1-@g3.lower|4/p2+@g4.lower
INFO:        6/6/p1-@g3.upper|4/p2+@g4.lower
INFO:        6/6/p1+@g3.upper|4/p2+@g4.lower
INFO:        6/6/p1-@g3.lower|4/p2+@g4.lower
INFO:        6/6/p1+@g3.lower|4/p2+@g4.lower
INFO:        ignoring 6/6/p1+@g3.upper|4/p2+@g4.upper
INFO:        ignoring 6/6/p1-@g3.upper|4/p2+@g4.upper
INFO:        ignoring 6/6/p1+@g3.lower|4/p2+@g4.upper
INFO:        ignoring 6/6/p1-@g3.lower|4/p2+@g4.upper
INFO:        ignoring 6/6/p1+@g3.upper|4/p2+@g4.lower
INFO:        ignoring 6/6/p1-@g3.upper|4/p2+@g4.lower
INFO:        ignoring 6/6/p1+@g3.lower|4/p2+@g4.lower
INFO:        ignoring 6/6/p1-@g3.lower|4/p2+@g4.lower
INFO:  end step 5, queue length = 0
INFO:  
INFO:  
INFO:  returning because nothing more to do
