INFO:  QUANTISH PHYSICS SIMULATION STARTING: Figure 4.14 at Wed Jan 21 13:45:53 2026
INFO:  FLOATING POINT MODE
INFO:  merge option:
INFO:     before measure=False
INFO:     before forward=False
INFO:  always forward:
INFO:     switch weights=False
INFO:     control weights=False
INFO:  combine:
INFO:     signs=False
INFO:     names=True
INFO:     add with signs=False
INFO:  normalize:
INFO:     before measure=False
INFO:     before forwarding=False
INFO:  swap if selected=False
INFO:  
INFO:  PARTICLE: +p1(1.00+0.00j∆0º|1.00)
INFO:  PARTICLE: +p2(1.00+0.00j∆0º|1.00)
INFO:  
INFO:  self.qvars={'zero': '0j', 'one': '1+0j', 'r60': '0.5+0.87j', 'q1': 'rad(20)', 'q2': 'rad(30)', 'q15': 'rad(15)', 'q40': 'rad(40)', 'q45': 'rad(45)', 'q30': 'rad(30)', 'q60': 'rad(60)', 'q85': 'rad(85)', 'q10': 'rad(10)', 'q120': 'rad(120)'}
INFO:  run stages=prepare: [g1(30.00º)], observe: [g3(0.00º)], unsplit: [g2(30.00º)]
INFO:  self.gates={'g1': g1(30.00º), 'g2': g2(30.00º), 'g3': g3(0.00º)}
INFO:  self.particles={'p1': +p1(1.00+0.00j∆0º|1.00), 'p2': +p2(1.00+0.00j∆0º|1.00)}
INFO:  self.normalize_input=False, self.normalize_output=False
INFO:  
INFO:  Running 1000 trials
INFO:  
INFO:  PARTICLES:
INFO:     +p1(1.00+0.00j∆0º|1.00)
INFO:     +p2(1.00+0.00j∆0º|1.00)
INFO:  GATES:
INFO:     g1(30.00º) (threshold: swap=(call)0.00, fwd=(call)0.88)
INFO:     g2(30.00º) (threshold: swap=(call)0.00, fwd=(call)0.88)
INFO:     g3(0.00º) (threshold: swap=(call)0.00, fwd=(call)0.88)
INFO:  FINAL OUTPUTS:
INFO:     FREDKIN GATES:
INFO:        g1.control : None
INFO:        g1.upper   : +p1(0.75+0.43j∆30º|0.75)
INFO:        g1.lower   : None
INFO:        g2.control : None
INFO:        g2.upper   : +p1(0.75+0.43j∆30º|0.75)
INFO:        g2.lower   : None
INFO:        g3.control : None
INFO:        g3.upper   : +p2(1.00+0.00j∆0º|1.00)
INFO:        g3.lower   : None
INFO:  
INFO:  GATE RATIOS (UPPER / LOWER)
INFO:     WEIGHTS:
INFO:        g1(30.00º): 75.00% / 25.00% (total = 1.000)
INFO:        g2(30.00º): 100.00% / 0.00% (total = 0.750)
INFO:        g3(0.00º): 100.00% / 0.00% (total = 1.000)
INFO:  
INFO:     OUTPUTS
INFO:        g1(30.00º): 100.00% / 0.00% (total = 0.750)
INFO:        g2(30.00º): 100.00% / 0.00% (total = 0.750)
INFO:        g3(0.00º): 100.00% / 0.00% (total = 1.000)
INFO:  
INFO:     RESULTS
INFO:        g1(30.00º): 100.00% / 0.00% (total = 0.750)
INFO:        g2(30.00º): 100.00% / 0.00% (total = 0.750)
INFO:        g3(0.00º): 100.00% / 0.00% (total = 1.000)
INFO:  
INFO:  RESULT COUNTS:
INFO:     g1.upper  :  727 ( 72.7%) +p1(0.75+0.43j∆30º|0.75)
INFO:     g1.lower  :  273 ( 27.3%) -p1(0.25-0.43j∆-60º|0.25)
INFO:     g2.upper  : 1000 (100.0%) +p1(0.75+0.43j∆30º|0.75)
INFO:     g3.control:  273 ( 27.3%) -p1(0.25-0.43j∆-60º|0.25)
INFO:     g3.upper  :  727 ( 72.7%) +p2(1.00+0.00j∆0º|1.00)
INFO:     g3.lower  :  273 ( 27.3%) +p2(1.00+0.00j∆0º|1.00)
INFO:  
INFO:  GATE WEIGHT SQUARED MAGNITUDE RATIOS:
INFO:     g1.upper: 0.75
INFO:     g1.lower: 0.25
INFO:     g2.upper: 1.00
INFO:     g2.lower: 0.00
INFO:     g3.upper: 0.50
INFO:     g3.lower: 0.50
INFO:  
INFO:  FULL HISTOGRAM VALUES:
INFO:     g1.upper: 727
INFO:     g1.lower: 273
INFO:     g2.upper: 1000
INFO:     g3.control: 273
INFO:     g3.upper: 727
INFO:     g3.lower: 273
INFO:  Generating Mermaid diagram on mermaid/fig414x_after.mmd
INFO:  Saving SVG version of diagram to mermaid/fig414x_after.svg
