INFO:  QUANTISH PHYSICS SIMULATION STARTING: Figure 4.9 at Thu Nov 20 15:35:41 2025
INFO:  FLOATING POINT MODE
INFO:  merge before: measure=False, forward=False
INFO:  combine: signs=True, names=True
INFO:  normalize: inputs=False, outputs=False
INFO:  
INFO:  
INFO:  self.qvars={'zero': '0j', 'one': '1+0j', 'r60': '0.5+0.87j', 'q20': 'rad(20)', 'q45': 'rad(45)', 'q90': 'rad(90)', 'q345': 'acos(4/5)'}
INFO:  self.phases={'phase1': ['g1'], 'phase2': ['g2', 'g3']}
INFO:  self.gates={'g1': g1(45.00º), 'g2': g2(0.00º), 'g3': g3(0.00º)}
INFO:  self.particles={'c': +c(+0.00+0.00j∆0º|0.00), 'p1': +p1(+1.00+0.00j∆0º|1.00), 'p2': +p2(+1.00+0.00j∆0º|1.00), 'p3': +p3(+1.00+0.00j∆0º|1.00)}
INFO:  self.control_threshold=0.0, self.forwarding_threshold=0.0, self.presence_threshold=0.0
INFO:  self.normalize_inputs=False, self.normalize_outputs=False
INFO:  
INFO:  EXECUTION ORDER: c, p1, p2, p3, g1, g2, g3
INFO:  
INFO:  PARTICLE: +c(+0.00+0.00j∆0º|0.00) -> g1.control
INFO:  
INFO:  PARTICLE: +p1(+1.00+0.00j∆0º|1.00) -> g1.upper
INFO:  
INFO:  PARTICLE: +p2(+1.00+0.00j∆0º|1.00) -> g2.upper
INFO:  
INFO:  PARTICLE: +p3(+1.00+0.00j∆0º|1.00) -> g3.upper
INFO:  
INFO:  GATE g1(45.0º) inputs:
INFO:     control_inputs= +c(+0.00+0.00j∆0º|0.00) -> None
INFO:     upper_inputs= +p1(+1.00+0.00j∆0º|1.00) -> g2.control
INFO:     lower_inputs= None -> g3.control
INFO:  
INFO:     INPUTS:
INFO:        merged control= +c(+0.00+0.00j∆0º|0.00) NOT PRESENT
INFO:        upper=   +p1(+1.00+0.00j∆0º|1.00)
INFO:        lower=   None
INFO:        measure +p1(+1.00+0.00j∆0º|1.00)
INFO:          ->g1 upper(c2a)->upper +p1>g1.upper(+0.50+0.00j∆0º|0.25)
INFO:          ->g1 upper(c2b)->upper -p1>g1.upper(+0.00+0.50j∆90º|0.25)
INFO:          ->g1 upper(c3a)->lower +p1>g1.lower(+0.50+0.00j∆0º|0.25)
INFO:          ->g1 upper(c3b)->lower -p1>g1.lower(+0.00-0.50j∆-90º|0.25)
INFO:     OUTPUTS:
INFO:          upper->
INFO:              +p1>g1.upper>g1.upper>g2.control(+0.50+0.00j∆0º|0.25)
INFO:              -p1>g1.upper>g1.upper>g2.control(+0.00+0.50j∆90º|0.25)
INFO:          lower->
INFO:              +p1>g1.lower>g1.lower>g3.control(+0.50+0.00j∆0º|0.25)
INFO:              -p1>g1.lower>g1.lower>g3.control(+0.00-0.50j∆-90º|0.25)
INFO:  
INFO:  GATE g2(0.0º) inputs:
INFO:     control_inputs= +p1>g1.upper>g1.upper>g2.control(+0.50+0.00j∆0º|0.25), -p1>g1.upper>g1.upper>g2.control(+0.00+0.50j∆90º|0.25) -> None
INFO:     upper_inputs= +p2(+1.00+0.00j∆0º|1.00) -> None
INFO:     lower_inputs= None -> None
INFO:  
INFO:     INPUTS:
INFO:        merged control= +p1>g1.upper>g1.upper>g2.control(+0.50+0.50j∆45º|0.50) PRESENT
INFO:        upper=   +p2(+1.00+0.00j∆0º|1.00)
INFO:        lower=   None
INFO:     SWAPPING UPPER<->LOWER
INFO:        measure +p2(+1.00+0.00j∆0º|1.00)
INFO:          ->g2 upper(c2a)->upper +p2>g2.upper(+1.00+0.00j∆0º|1.00)
INFO:          ->g2 upper(c2b)->upper -p2>g2.upper(+0.00+0.00j∆0º|0.00)
INFO:          ->g2 upper(c3a)->lower +p2>g2.lower(+0.00+0.00j∆0º|0.00)
INFO:          ->g2 upper(c3b)->lower -p2>g2.lower(+0.00+0.00j∆0º|0.00)
INFO:     OUTPUTS:
INFO:          upper->
INFO:              +p2>g2.upper>g2.lower(+1.00+0.00j∆0º|1.00)
INFO:          lower->
INFO:              NO OUTPUT
INFO:  
INFO:  GATE g3(0.0º) inputs:
INFO:     control_inputs= +p1>g1.lower>g1.lower>g3.control(+0.50+0.00j∆0º|0.25), -p1>g1.lower>g1.lower>g3.control(+0.00-0.50j∆-90º|0.25) -> None
INFO:     upper_inputs= +p3(+1.00+0.00j∆0º|1.00) -> None
INFO:     lower_inputs= None -> None
INFO:  
INFO:     INPUTS:
INFO:        merged control= -p1>g1.lower>g1.lower>g3.control(+0.50-0.50j∆-45º|0.50) PRESENT
INFO:        upper=   +p3(+1.00+0.00j∆0º|1.00)
INFO:        lower=   None
INFO:     SWAPPING UPPER<->LOWER
INFO:        measure +p3(+1.00+0.00j∆0º|1.00)
INFO:          ->g3 upper(c2a)->upper +p3>g3.upper(+1.00+0.00j∆0º|1.00)
INFO:          ->g3 upper(c2b)->upper -p3>g3.upper(+0.00+0.00j∆0º|0.00)
INFO:          ->g3 upper(c3a)->lower +p3>g3.lower(+0.00+0.00j∆0º|0.00)
INFO:          ->g3 upper(c3b)->lower -p3>g3.lower(+0.00+0.00j∆0º|0.00)
INFO:     OUTPUTS:
INFO:          upper->
INFO:              +p3>g3.upper>g3.lower(+1.00+0.00j∆0º|1.00)
INFO:          lower->
INFO:              NO OUTPUT
INFO:  
INFO:  
INFO:  RESULTS:
INFO:  
INFO:  CONTROL THRESHOLD = 0
INFO:  
INFO:  SINK VALUE SUMMARIES:
INFO:     g1.upper -> +p1 +0.50+0.50j∆45º|0.50: +p1(0.50)
INFO:     g1.lower -> -p1 +0.50-0.50j∆-45º|0.50: -p1(0.50)
INFO:     g2.lower -> +p2 +1.00+0.00j∆0º|1.00: +p2(1.00)
INFO:     g3.lower -> +p3 +1.00+0.00j∆0º|1.00: +p3(1.00)
INFO:  
INFO:  SINK VALUES BY GATE:
INFO:     g1(45.0º): upper: +p1 +0.50+0.50j∆45º|0.50, lower: -p1 +0.50-0.50j∆-45º|0.50
INFO:     g2(0.0º): lower: +p2 +1.00+0.00j∆0º|1.00
INFO:     g3(0.0º): lower: +p3 +1.00+0.00j∆0º|1.00
INFO:  
INFO:  DONE!
INFO:  EXPERIMENT STATE:
INFO:     g1.upper: [+p1(+1.00+0.00j∆0º|1.00)]
INFO:     g2.upper: [+p2(+1.00+0.00j∆0º|1.00)]
INFO:     g3.upper: [+p3(+1.00+0.00j∆0º|1.00)]
INFO:     g2.control: [+p1>g1.upper>g1.upper>g2.control(+0.50+0.50j∆45º|0.50)]
INFO:  EXPERIMENT RESULT:
INFO:     g1.upper: [+p1>g1.upper>g1.upper>g2.control(+0.50+0.50j∆45º|0.50)]
INFO:     g2.lower: [+p2>g2.upper>g2.lower(+1.00+0.00j∆0º|1.00)]
INFO:     g2.control: [+p1>g1.upper>g1.upper>g2.control(+0.50+0.50j∆45º|0.50)]
